V3 3
FL "C:/Users/gusta/Desktop/2021_1/DLP/Prova 1/Prova 1/SSI/master.vhd" 2021/08/22.11:00:54 P.20131013
EN work/master 1629640860 \
      FL "C:/Users/gusta/Desktop/2021_1/DLP/Prova 1/Prova 1/SSI/master.vhd" \
      PB ieee/std_logic_1164 1381692176 PB ieee/NUMERIC_STD 1381692181
AR work/master/Behavioral 1629640861 \
      FL "C:/Users/gusta/Desktop/2021_1/DLP/Prova 1/Prova 1/SSI/master.vhd" \
      EN work/master 1629640860
